// Bun Snapshot v1, https://bun.sh/docs/test/snapshots

exports[`Agent.invoke with streaming response 1`] = `
[
  "Hello",
  ",",
  " ",
  "How",
  " ",
  "can",
  " ",
  "I",
  " ",
  "assist",
  " ",
  "you",
  " ",
  "today",
  "?",
]
`;
