// Bun Snapshot v1, https://goo.gl/fbAQLP

exports[`aigne command should print help if no any subcommand 1`] = `
[
  [
    
"CLI for AIGNE framework

Commands:
  aigne run [path]     Run AIGNE from the specified agent
  aigne test           Run tests in the specified agents directory
  aigne create [path]  Create a new aigne project with agent config files
  aigne serve-mcp      Serve the agents in the specified directory as a MCP
                       server (streamable http)
  aigne observe        Start the observability server
  aigne doc-smith      Generate and maintain project docs â€” powered by agents.
                                                        [aliases: docsmith, doc]
  aigne hub <command>  Manage AIGNE Hub connections
  aigne deploy         Deploy an aigne application

Options:
  -h, --help     Show help                                             [boolean]
  -v, --version  Show version number                                   [boolean]"
,
  ],
  [],
  [
    "Not enough non-option arguments: got 0, need at least 1",
  ],
]
`;
