// Bun Snapshot v1, https://bun.sh/docs/test/snapshots

exports[`GeminiChatModel.invoke should use tool result correctly 1`] = `
[
  {
    "frequency_penalty": undefined,
    "messages": [
      {
        "content": 
"Output must be a JSON object containing the following fields only.
<json_fields>
{"type":"object","properties":{"text":{"type":"string"}},"required":["text"],"additionalProperties":false}
</json_fields>
Do not include any explanations, comments, or Markdown formatting (such as triple backticks). Return only the raw JSON."
,
        "role": "system",
      },
      {
        "content": "You are a chatbot",
        "name": undefined,
        "role": "system",
        "tool_call_id": undefined,
        "tool_calls": undefined,
      },
      {
        "content": [
          {
            "text": "What is the weather in New York?",
            "type": "text",
          },
        ],
        "name": undefined,
        "role": "user",
        "tool_call_id": undefined,
        "tool_calls": undefined,
      },
      {
        "content": undefined,
        "name": undefined,
        "role": "assistant",
        "tool_call_id": undefined,
        "tool_calls": [
          {
            "function": {
              "arguments": "{"city":"New York"}",
              "name": "get_weather",
            },
            "id": "get_weather",
            "type": "function",
          },
        ],
      },
      {
        "content": "{"temperature":20}",
        "name": undefined,
        "role": "tool",
        "tool_call_id": "get_weather",
        "tool_calls": undefined,
      },
    ],
    "model": "gemini-2.0-flash",
    "presence_penalty": undefined,
    "response_format": {
      "json_schema": {
        "name": "output",
        "schema": {
          "additionalProperties": false,
          "properties": {
            "text": {
              "type": "string",
            },
          },
          "required": [
            "text",
          ],
          "type": "object",
        },
        "strict": true,
      },
      "type": "json_schema",
    },
    "stream": true,
    "stream_options": {
      "include_usage": true,
    },
    "temperature": undefined,
    "top_p": undefined,
  },
]
`;
