// Bun Snapshot v1, https://bun.sh/docs/test/snapshots

exports[`AIGNE.load should load agents correctly 1`] = `
{
  "agents": [
    {
      "description": "Chat agent",
      "name": "chat",
      "taskTitle": "process: {{message}}",
    },
    {
      "description": "Chat agent",
      "name": "chat-with-prompt",
      "taskTitle": undefined,
    },
    {
      "description": "Test team agent",
      "name": "test-team-agent",
      "taskTitle": undefined,
    },
    {
      "description": undefined,
      "name": "test-image-agent",
      "taskTitle": undefined,
    },
  ],
  "cli": {
    "agents": [
      {
        "description": "Chat agent",
        "name": "chat",
      },
    ],
  },
  "mcpServer": {
    "agents": [
      {
        "description": "Chat agent",
        "name": "chat",
      },
    ],
  },
  "skills": [
    {
      "description": "This agent evaluates JavaScript code.",
      "name": "evaluateJs",
    },
  ],
}
`;
