// Bun Snapshot v1, https://goo.gl/fbAQLP

exports[`AIGNEServer example with expression 1`] = `
{
  "message": "Hello world!",
}
`;

exports[`AIGNEServer example with hono 1`] = `
{
  "message": "Hello world!",
}
`;
